// Vitest Snapshot v1, https://vitest.dev/guide/snapshot.html

exports[`BackButton > should render 1`] = `
<button
  class="css-i5nnfd"
  type="button"
>
  <svg
    aria-hidden="true"
    class="MuiSvgIcon-root MuiSvgIcon-colorSecondary MuiSvgIcon-fontSizeMedium css-25to7p-MuiSvgIcon-root"
    data-testid="ArrowBackIcon"
    focusable="false"
    viewBox="0 0 24 24"
  >
    <path
      d="M20 11H7.83l5.59-5.59L12 4l-8 8 8 8 1.41-1.41L7.83 13H20z"
    />
  </svg>
</button>
`;
