// Vitest Snapshot v1, https://vitest.dev/guide/snapshot.html

exports[`Button > should render 1`] = `
<button
  class="MuiButtonBase-root MuiButton-root MuiButton-outlined MuiButton-outlinedPrimary MuiButton-sizeMedium MuiButton-outlinedSizeMedium MuiButton-colorPrimary MuiButton-root MuiButton-outlined MuiButton-outlinedPrimary MuiButton-sizeMedium MuiButton-outlinedSizeMedium MuiButton-colorPrimary css-gtbsfe-MuiButtonBase-root-MuiButton-root"
  tabindex="0"
  type="button"
/>
`;
