// Vitest Snapshot v1, https://vitest.dev/guide/snapshot.html

exports[`Carousel > should render 1`] = `
<div
  class="swiper swiper-initialized swiper-horizontal css-13ddiq9"
  data-testid="carousel"
>
  <div
    class="swiper-wrapper"
    style="transition-duration: 0ms; transition-delay: 0ms; transform: translate3d(NaNpx, 0px, 0px);"
  >
    <div
      class="swiper-slide css-1f8sh1y"
      data-swiper-slide-index="0"
    >
      <img
        alt="image alt"
        class="css-g98gbd"
        data-nimg="fill"
        decoding="async"
        loading="lazy"
        sizes="100vw"
        src="/_next/image?url=https%3A%2F%2Fcdn.dummyjson.com%2Fproduct-images%2Fbeauty%2Fessence-mascara-lash-princess%2Fthumbnail.webp&w=3840&q=75"
        srcset="/_next/image?url=https%3A%2F%2Fcdn.dummyjson.com%2Fproduct-images%2Fbeauty%2Fessence-mascara-lash-princess%2Fthumbnail.webp&w=640&q=75 640w, /_next/image?url=https%3A%2F%2Fcdn.dummyjson.com%2Fproduct-images%2Fbeauty%2Fessence-mascara-lash-princess%2Fthumbnail.webp&w=750&q=75 750w, /_next/image?url=https%3A%2F%2Fcdn.dummyjson.com%2Fproduct-images%2Fbeauty%2Fessence-mascara-lash-princess%2Fthumbnail.webp&w=828&q=75 828w, /_next/image?url=https%3A%2F%2Fcdn.dummyjson.com%2Fproduct-images%2Fbeauty%2Fessence-mascara-lash-princess%2Fthumbnail.webp&w=1080&q=75 1080w, /_next/image?url=https%3A%2F%2Fcdn.dummyjson.com%2Fproduct-images%2Fbeauty%2Fessence-mascara-lash-princess%2Fthumbnail.webp&w=1200&q=75 1200w, /_next/image?url=https%3A%2F%2Fcdn.dummyjson.com%2Fproduct-images%2Fbeauty%2Fessence-mascara-lash-princess%2Fthumbnail.webp&w=1920&q=75 1920w, /_next/image?url=https%3A%2F%2Fcdn.dummyjson.com%2Fproduct-images%2Fbeauty%2Fessence-mascara-lash-princess%2Fthumbnail.webp&w=2048&q=75 2048w, /_next/image?url=https%3A%2F%2Fcdn.dummyjson.com%2Fproduct-images%2Fbeauty%2Fessence-mascara-lash-princess%2Fthumbnail.webp&w=3840&q=75 3840w"
        style="position: absolute; height: 100%; width: 100%; left: 0px; top: 0px; right: 0px; bottom: 0px; color: transparent;"
      />
      <span
        class="css-4c00nv"
      />
    </div>
    <div
      class="swiper-slide css-1f8sh1y"
      data-swiper-slide-index="1"
    >
      <img
        alt="image alt"
        class="css-g98gbd"
        data-nimg="fill"
        decoding="async"
        loading="lazy"
        sizes="100vw"
        src="/_next/image?url=https%3A%2F%2Fcdn.dummyjson.com%2Fproduct-images%2Ffragrances%2Fchanel-coco-noir-eau-de%2Fthumbnail.webp&w=3840&q=75"
        srcset="/_next/image?url=https%3A%2F%2Fcdn.dummyjson.com%2Fproduct-images%2Ffragrances%2Fchanel-coco-noir-eau-de%2Fthumbnail.webp&w=640&q=75 640w, /_next/image?url=https%3A%2F%2Fcdn.dummyjson.com%2Fproduct-images%2Ffragrances%2Fchanel-coco-noir-eau-de%2Fthumbnail.webp&w=750&q=75 750w, /_next/image?url=https%3A%2F%2Fcdn.dummyjson.com%2Fproduct-images%2Ffragrances%2Fchanel-coco-noir-eau-de%2Fthumbnail.webp&w=828&q=75 828w, /_next/image?url=https%3A%2F%2Fcdn.dummyjson.com%2Fproduct-images%2Ffragrances%2Fchanel-coco-noir-eau-de%2Fthumbnail.webp&w=1080&q=75 1080w, /_next/image?url=https%3A%2F%2Fcdn.dummyjson.com%2Fproduct-images%2Ffragrances%2Fchanel-coco-noir-eau-de%2Fthumbnail.webp&w=1200&q=75 1200w, /_next/image?url=https%3A%2F%2Fcdn.dummyjson.com%2Fproduct-images%2Ffragrances%2Fchanel-coco-noir-eau-de%2Fthumbnail.webp&w=1920&q=75 1920w, /_next/image?url=https%3A%2F%2Fcdn.dummyjson.com%2Fproduct-images%2Ffragrances%2Fchanel-coco-noir-eau-de%2Fthumbnail.webp&w=2048&q=75 2048w, /_next/image?url=https%3A%2F%2Fcdn.dummyjson.com%2Fproduct-images%2Ffragrances%2Fchanel-coco-noir-eau-de%2Fthumbnail.webp&w=3840&q=75 3840w"
        style="position: absolute; height: 100%; width: 100%; left: 0px; top: 0px; right: 0px; bottom: 0px; color: transparent;"
      />
      <span
        class="css-4c00nv"
      />
    </div>
  </div>
  <div
    class="swiper-pagination swiper-pagination-bullets swiper-pagination-horizontal"
  >
    <span
      class="swiper-pagination-bullet swiper-pagination-bullet-active"
    />
    <span
      class="swiper-pagination-bullet"
    />
  </div>
</div>
`;
